Microchip MPLAB XC8 Compiler V2.40

Linker command line:

-W-3 \
  --edf=C:\Program Files\Microchip\xc8\v2.40\pic\dat\20220703182018_en.msgs \
  -cn -h+dist/default/production\CAR_dashboard_TX.X.production.sym \
  --cmf=dist/default/production\CAR_dashboard_TX.X.production.cmf -z \
  -Q16F887 -oC:\Users\kissh\AppData\Local\Temp\xcAs9sg.4 \
  --defsym=__MPLAB_BUILD=1 --fixupoverflow=error \
  -Mdist/default/production/CAR_dashboard_TX.X.production.map \
  --md=C:\Users\kissh\AppData\Local\Temp\xcAs9sg.dat -E1 -ver=XC8 Compiler \
  --acfsm=1493 -ACODE=00h-07FFhx4 -ASTRCODE=00h-01FFFh -ASTRING=00h-0FFhx32 \
  -ACONST=00h-0FFhx32 -AENTRY=00h-0FFhx32 -ACOMMON=070h-07Fh \
  -ABANK0=020h-06Fh -ABANK1=0A0h-0EFh -ABANK2=0110h-016Fh \
  -ABANK3=0190h-01EFh -ARAM=020h-06Fh,0A0h-0EFh,0110h-016Fh,0190h-01EFh \
  -AABS1=020h-07Fh,0A0h-0EFh,0110h-016Fh,0190h-01EFh -ASFR0=00h-01Fh \
  -ASFR1=080h-09Fh -ASFR2=0100h-010Fh -ASFR3=0180h-018Fh \
  -ACONFIG=02007h-02008h -DCONFIG=2 -AIDLOC=02000h-02003h -DIDLOC=2 \
  -AEEDATA=00h-0FFh/02100h -peeprom_data=EEDATA -DEEDATA=2 -DCODE=2 \
  -DSTRCODE=2 -DSTRING=2 -DCONST=2 -DENTRY=2 \
  -preset_vec=00h,intentry,init,end_init -ppowerup=CODE -pcinit=CODE \
  -pfunctab=ENTRY -k C:\Users\kissh\AppData\Local\Temp\xcAs9sg.o \
  dist/default/production\CAR_dashboard_TX.X.production.o 

Object code version is 3.11

Machine type is 16F887



                Name                               Link     Load   Length Selector   Space Scale
C:\Users\kissh\AppData\Local\Temp\xcAs9sg.o
                end_init                              0        0        3        0       0
                config                             2007     2007        2        0       4
                idloc                              2000     2000        4        0       5
dist/default/production\CAR_dashboard_TX.X.production.o
                cinit                               7FC      7FC        4      FF8       0
                config                             2007     2007        2        0       4
                idloc                              2000     2000        4        0       5
                text6                               639      639       1B      C72       0
                text5                               75F      75F       9D      EBE       0
                text4                               654      654       46      CA8       0
                text3                               6FA      6FA       65      DF4       0
                text2                               62C      62C        D      C58       0
                text1                               622      622        A      C44       0
                maintext                            69A      69A       60      D34       0
                cstackBANK0                          20       20       13       20       1
                cstackCOMMON                         70       70        D       70       1

TOTAL           Name                               Link     Load   Length     Space
        CLASS   CODE           
                end_init                              0        0        3         0
                cinit                               7FC      7FC        4         0
                text6                               639      639       1B         0
                text5                               75F      75F       9D         0
                text4                               654      654       46         0
                text3                               6FA      6FA       65         0
                text2                               62C      62C        D         0
                text1                               622      622        A         0
                maintext                            69A      69A       60         0

        CLASS   STRCODE        

        CLASS   STRING         

        CLASS   CONST          

        CLASS   ENTRY          

        CLASS   COMMON         
                cstackCOMMON                         70       70        D         1

        CLASS   BANK0          
                cstackBANK0                          20       20       13         1

        CLASS   BANK1          

        CLASS   BANK2          

        CLASS   BANK3          

        CLASS   RAM            

        CLASS   ABS1           
                abs_s1                               7E       7E        2         1

        CLASS   SFR0           

        CLASS   SFR1           

        CLASS   SFR2           

        CLASS   SFR3           

        CLASS   CONFIG         
                config                             2007     2007        2         4

        CLASS   IDLOC          
                idloc                              2000     2000        4         5

        CLASS   EEDATA         

        CLASS   STACK          



SEGMENTS        Name                           Load    Length   Top    Selector   Space  Class     Delta

                reset_vec                      000000  000003  000003         0       0  CODE        2
                cstackBANK0                    000020  000013  000033        20       1  BANK0       1
                cstackCOMMON                   000070  00000D  00007D        70       1  COMMON      1
                text1                          000622  00000A  00062C       C44       0  CODE        2
                text2                          00062C  00000D  000639       C58       0  CODE        2
                text6                          000639  00001B  000654       C72       0  CODE        2
                text4                          000654  000046  00069A       CA8       0  CODE        2
                maintext                       00069A  000060  0006FA       D34       0  CODE        2
                text3                          0006FA  000065  00075F       DF4       0  CODE        2
                text5                          00075F  00009D  0007FC       EBE       0  CODE        2
                cinit                          0007FC  000004  000800       FF8       0  CODE        2


UNUSED ADDRESS RANGES

        Name                Unused          Largest block    Delta
        BANK0            0033-006F             3D           1
        BANK1            00A0-00EF             50           1
        BANK2            0110-016F             60           1
        BANK3            0190-01EF             60           1
        CODE             0003-0621            61F           2
                         0800-1FFF            800
        COMMON           007D-007D              1           1
        CONST            0003-0621            100           2
                         0800-1FFF            100
        EEDATA           2100-21FF            100           2
        ENTRY            0003-0621            100           2
                         0800-1FFF            100
        RAM              0033-006F             3D           1
                         00A0-00EF             50
                         0110-016F             60
                         0190-01EF             60
        SFR0             0000-001F             20           1
        SFR1             0080-009F             20           1
        SFR2             0100-010F             10           1
        SFR3             0180-018F             10           1
        STRCODE          0003-0621            61F           2
                         0800-1FFF           1800
        STRING           0003-0621            100           2
                         0800-1FFF            100

                                  Symbol Table

?_ADC_Read                   cstackCOMMON 0070
?___aldiv                    cstackCOMMON 0070
?___lmul                     cstackCOMMON 0070
ADC_to_Fuel_Percent@adc      cstackBANK0  0026
ADC_to_Fuel_Percent@temp     cstackBANK0  0028
UART_Tx@d                    cstackCOMMON 0070
_ADCON0                      (abs)        001F
_ADCON1                      (abs)        009F
_ADC_Read                    text6        0639
_ADC_to_Fuel_Percent         text3        06FA
_ADRESH                      (abs)        001E
_ADRESL                      (abs)        009E
_ANSEL                       (abs)        0188
_ANSELH                      (abs)        0189
_GO_nDONE                    (abs)        00F9
_RA1                         (abs)        0029
_RA2                         (abs)        002A
_RA3                         (abs)        002B
_RA4                         (abs)        002C
_RCSTA                       (abs)        0018
_SPBRG                       (abs)        0099
_TRISA                       (abs)        0085
_TRISC6                      (abs)        043E
_TRISC7                      (abs)        043F
_TXIF                        (abs)        0064
_TXREG                       (abs)        0019
_TXSTA                       (abs)        0098
_UART_Init                   text2        062C
_UART_Tx                     text1        0622
__Habs1                      abs1         0000
__Hbank0                     bank0        0000
__Hbank1                     bank1        0000
__Hbank2                     bank2        0000
__Hbank3                     bank3        0000
__Hcinit                     cinit        0800
__Hclrtext                   clrtext      0000
__Hcode                      code         0000
__Hcommon                    common       0000
__Hconfig                    config       2009
__HcstackBANK0               cstackBANK0  0000
__HcstackCOMMON              cstackCOMMON 0000
__Heeprom_data               eeprom_data  0000
__Hend_init                  end_init     0003
__Hfunctab                   functab      0000
__Hidloc                     idloc        2004
__Hinit                      init         0000
__Hintentry                  intentry     0000
__Hmaintext                  maintext     0000
__Hpowerup                   powerup      0000
__Hram                       ram          0000
__Hreset_vec                 reset_vec    0000
__Hsfr0                      sfr0         0000
__Hsfr1                      sfr1         0000
__Hsfr2                      sfr2         0000
__Hsfr3                      sfr3         0000
__Hspace_0                   (abs)        0800
__Hspace_1                   (abs)        007D
__Hspace_2                   (abs)        0000
__Hspace_3                   (abs)        0000
__Hspace_4                   (abs)        4010
__Hstack                     stack        0000
__Hstrings                   strings      0000
__Htext                      text         0000
__Labs1                      abs1         0000
__Lbank0                     bank0        0000
__Lbank1                     bank1        0000
__Lbank2                     bank2        0000
__Lbank3                     bank3        0000
__Lcinit                     cinit        07FC
__Lclrtext                   clrtext      0000
__Lcode                      code         0000
__Lcommon                    common       0000
__Lconfig                    config       0000
__LcstackBANK0               cstackBANK0  0000
__LcstackCOMMON              cstackCOMMON 0000
__Leeprom_data               eeprom_data  0000
__Lend_init                  end_init     0000
__Lfunctab                   functab      0000
__Lidloc                     idloc        0000
__Linit                      init         0000
__Lintentry                  intentry     0000
__Lmaintext                  maintext     0000
__Lpowerup                   powerup      0000
__Lram                       ram          0000
__Lreset_vec                 reset_vec    0000
__Lsfr0                      sfr0         0000
__Lsfr1                      sfr1         0000
__Lsfr2                      sfr2         0000
__Lsfr3                      sfr3         0000
__Lspace_0                   (abs)        0000
__Lspace_1                   (abs)        0000
__Lspace_2                   (abs)        0000
__Lspace_3                   (abs)        0000
__Lspace_4                   (abs)        0000
__Lstack                     stack        0000
__Lstrings                   strings      0000
__Ltext                      text         0000
__S0                         (abs)        0800
__S1                         (abs)        007D
__S3                         (abs)        0000
___aldiv                     text5        075F
___aldiv@counter             cstackBANK0  0020
___aldiv@dividend            cstackCOMMON 0074
___aldiv@divisor             cstackCOMMON 0070
___aldiv@quotient            cstackBANK0  0022
___aldiv@sign                cstackBANK0  0021
___int_sp                    stack        0000
___latbits                   (abs)        0002
___lmul                      text4        0654
___lmul@multiplicand         cstackCOMMON 0074
___lmul@multiplier           cstackCOMMON 0070
___lmul@product              cstackCOMMON 0079
___sp                        stack        0000
___stackhi                   (abs)        0000
___stacklo                   (abs)        0000
__end_of_ADC_Read            text6        0654
__end_of_ADC_to_Fuel_Percent text3        075F
__end_of_UART_Init           text2        0639
__end_of_UART_Tx             text1        062C
__end_of___aldiv             text5        07FC
__end_of___lmul              text4        069A
__end_of__initialization     cinit        07FC
__end_of_main                maintext     06FA
__initialization             cinit        07FC
__pcstackBANK0               cstackBANK0  0020
__pcstackCOMMON              cstackCOMMON 0070
__pmaintext                  maintext     069A
__ptext1                     text1        0622
__ptext2                     text2        062C
__ptext3                     text3        06FA
__ptext4                     text4        0654
__ptext5                     text5        075F
__ptext6                     text6        0639
_main                        maintext     069A
btemp                        (abs)        007E
end_of_initialization        cinit        07FC
intlevel0                    functab      0000
intlevel1                    functab      0000
intlevel2                    functab      0000
intlevel3                    functab      0000
intlevel4                    functab      0000
intlevel5                    functab      0000
main@adc                     cstackBANK0  002F
main@doors                   cstackBANK0  0032
main@fuel                    cstackBANK0  0031
reset_vec                    reset_vec    0000
start                        init         0000
start_initialization         cinit        07FC
wtemp0                       (abs)        007E


MODULE INFORMATION

Module		Function		Class		Link	Load	Size
C:\Program Files\Microchip\xc8\v2.40\pic\sources\c90\common\aldiv.c
		___aldiv       		CODE           	075F	0000	157

C:\Program Files\Microchip\xc8\v2.40\pic\sources\c90\common\aldiv.c estimated size: 157

car_dashboard_tx.c
		_UART_Init     		CODE           	062C	0000	13
		_main          		CODE           	069A	0000	96
		_ADC_to_Fuel_Percent		CODE           	06FA	0000	101
		_ADC_Read      		CODE           	0639	0000	27
		_UART_Tx       		CODE           	0622	0000	10

car_dashboard_tx.c estimated size: 247

shared
		__initialization		CODE           	07FC	0000	1

shared estimated size: 1

C:\Program Files\Microchip\xc8\v2.40\pic\sources\c90\common\Umul32.c
		___lmul        		CODE           	0654	0000	70

C:\Program Files\Microchip\xc8\v2.40\pic\sources\c90\common\Umul32.c estimated size: 70

