Microchip MPLAB XC8 Compiler V2.40

Linker command line:

-W-3 \
  --edf=C:\Program Files\Microchip\xc8\v2.40\pic\dat\20220703182018_en.msgs \
  -cn -h+dist/default/production\CAR_dashbord_rx.X.production.sym \
  --cmf=dist/default/production\CAR_dashbord_rx.X.production.cmf -z \
  -Q16F887 -oC:\Users\kissh\AppData\Local\Temp\xcAsnh4.4 \
  --defsym=__MPLAB_BUILD=1 --fixupoverflow=error \
  -Mdist/default/production/CAR_dashbord_rx.X.production.map \
  --md=C:\Users\kissh\AppData\Local\Temp\xcAsnh4.dat -E1 -ver=XC8 Compiler \
  --acfsm=1493 -ACODE=00h-07FFhx4 -ASTRCODE=00h-01FFFh -ASTRING=00h-0FFhx32 \
  -ACONST=00h-0FFhx32 -AENTRY=00h-0FFhx32 -ACOMMON=070h-07Fh \
  -ABANK0=020h-06Fh -ABANK1=0A0h-0EFh -ABANK2=0110h-016Fh \
  -ABANK3=0190h-01EFh -ARAM=020h-06Fh,0A0h-0EFh,0110h-016Fh,0190h-01EFh \
  -AABS1=020h-07Fh,0A0h-0EFh,0110h-016Fh,0190h-01EFh -ASFR0=00h-01Fh \
  -ASFR1=080h-09Fh -ASFR2=0100h-010Fh -ASFR3=0180h-018Fh \
  -ACONFIG=02007h-02008h -DCONFIG=2 -AIDLOC=02000h-02003h -DIDLOC=2 \
  -AEEDATA=00h-0FFh/02100h -peeprom_data=EEDATA -DEEDATA=2 -DCODE=2 \
  -DSTRCODE=2 -DSTRING=2 -DCONST=2 -DENTRY=2 \
  -preset_vec=00h,intentry,init,end_init -ppowerup=CODE -pcinit=CODE \
  -pfunctab=ENTRY -k C:\Users\kissh\AppData\Local\Temp\xcAsnh4.o \
  dist/default/production\CAR_dashbord_rx.X.production.o 

Object code version is 3.11

Machine type is 16F887



                Name                               Link     Load   Length Selector   Space Scale
C:\Users\kissh\AppData\Local\Temp\xcAsnh4.o
                end_init                              0        0        3        0       0
                config                             2007     2007        2        0       4
                idloc                              2000     2000        4        0       5
dist/default/production\CAR_dashbord_rx.X.production.o
                cinit                               7F0      7F0       10      FE0       0
                config                             2007     2007        2        0       4
                idloc                              2000     2000        4        0       5
                text12                              57C      57C        D      AF8       0
                text11                              574      574        8      AE8       0
                text10                              598      598       1D      B30       0
                text9                               5B5      5B5       1D      B6A       0
                text8                               5D2      5D2       1F      BA4       0
                text7                               63D      63D       3A      C7A       0
                text6                               613      613       2A      C26       0
                text5                               589      589        F      B12       0
                text4                               5F1      5F1       22      BE2       0
                text3                               70F      70F       69      E1E       0
                text2                               6B6      6B6       59      D6C       0
                text1                               778      778       78      EF0       0
                maintext                            677      677       3F      CEE       0
                cstackBANK0                          2A       2A        5       20       1
                cstackCOMMON                         70       70        E       70       1
                bssBANK0                             20       20        A       20       1
                strings                               3        3       5C        6       0

TOTAL           Name                               Link     Load   Length     Space
        CLASS   CODE           
                end_init                              0        0        3         0
                cinit                               7F0      7F0       10         0
                text12                              57C      57C        D         0
                text11                              574      574        8         0
                text10                              598      598       1D         0
                text9                               5B5      5B5       1D         0
                text8                               5D2      5D2       1F         0
                text7                               63D      63D       3A         0
                text6                               613      613       2A         0
                text5                               589      589        F         0
                text4                               5F1      5F1       22         0
                text3                               70F      70F       69         0
                text2                               6B6      6B6       59         0
                text1                               778      778       78         0
                maintext                            677      677       3F         0

        CLASS   STRCODE        

        CLASS   STRING         
                strings                               3        3       5C         0

        CLASS   CONST          

        CLASS   ENTRY          

        CLASS   COMMON         
                cstackCOMMON                         70       70        E         1

        CLASS   BANK0          
                cstackBANK0                          2A       2A        5         1
                bssBANK0                             20       20        A         1

        CLASS   BANK1          

        CLASS   BANK2          

        CLASS   BANK3          

        CLASS   RAM            

        CLASS   ABS1           
                abs_s1                               7E       7E        2         1

        CLASS   SFR0           

        CLASS   SFR1           

        CLASS   SFR2           

        CLASS   SFR3           

        CLASS   CONFIG         
                config                             2007     2007        2         4

        CLASS   IDLOC          
                idloc                              2000     2000        4         5

        CLASS   EEDATA         

        CLASS   STACK          



SEGMENTS        Name                           Load    Length   Top    Selector   Space  Class     Delta

                reset_vec                      000000  000003  000003         0       0  CODE        2
                strings                        000003  00005C  00005F         6       0  STRING      2
                bssBANK0                       000020  00000F  00002F        20       1  BANK0       1
                cstackCOMMON                   000070  00000E  00007E        70       1  COMMON      1
                text11                         000574  000008  00057C       AE8       0  CODE        2
                text12                         00057C  00000D  000589       AF8       0  CODE        2
                text5                          000589  00000F  000598       B12       0  CODE        2
                text10                         000598  00001D  0005B5       B30       0  CODE        2
                text9                          0005B5  00001D  0005D2       B6A       0  CODE        2
                text8                          0005D2  00001F  0005F1       BA4       0  CODE        2
                text4                          0005F1  000022  000613       BE2       0  CODE        2
                text6                          000613  00002A  00063D       C26       0  CODE        2
                text7                          00063D  00003A  000677       C7A       0  CODE        2
                maintext                       000677  00003F  0006B6       CEE       0  CODE        2
                text2                          0006B6  000059  00070F       D6C       0  CODE        2
                text3                          00070F  000069  000778       E1E       0  CODE        2
                text1                          000778  000078  0007F0       EF0       0  CODE        2
                cinit                          0007F0  000010  000800       FE0       0  CODE        2


UNUSED ADDRESS RANGES

        Name                Unused          Largest block    Delta
        BANK0            002F-006F             41           1
        BANK1            00A0-00EF             50           1
        BANK2            0110-016F             60           1
        BANK3            0190-01EF             60           1
        CODE             005F-0573            515           2
                         0800-1FFF            800
        CONST            005F-0573            100           2
                         0800-1FFF            100
        EEDATA           2100-21FF            100           2
        ENTRY            005F-0573            100           2
                         0800-1FFF            100
        RAM              002F-006F             41           1
                         00A0-00EF             50
                         0110-016F             60
                         0190-01EF             60
        SFR0             0000-001F             20           1
        SFR1             0080-009F             20           1
        SFR2             0100-010F             10           1
        SFR3             0180-018F             10           1
        STRCODE          005F-0573            515           2
                         0800-1FFF           1800
        STRING           005F-0573            100           2
                         0800-1FFF            100

                                  Symbol Table

?___awdiv                cstackCOMMON 0077
?___awmod                cstackCOMMON 0070
_ANSEL                   (abs)        0188
_ANSELH                  (abs)        0189
_PORTD                   (abs)        0008
_RA5                     (abs)        002D
_RCIF                    (abs)        0065
_RCREG                   (abs)        001A
_RCSTA                   (abs)        0018
_RE0                     (abs)        0048
_RE1                     (abs)        0049
_SPBRG                   (abs)        0099
_TRISA                   (abs)        0085
_TRISC6                  (abs)        043E
_TRISC7                  (abs)        043F
_TRISD                   (abs)        0088
_TRISE                   (abs)        0089
_TXSTA                   (abs)        0098
_UART_Init               text12       057C
_UART_Rx                 text11       0574
__Habs1                  abs1         0000
__Hbank0                 bank0        0000
__Hbank1                 bank1        0000
__Hbank2                 bank2        0000
__Hbank3                 bank3        0000
__HbssBANK0              bssBANK0     0000
__Hcinit                 cinit        0800
__Hclrtext               clrtext      0000
__Hcode                  code         0000
__Hcommon                common       0000
__Hconfig                config       2009
__HcstackBANK0           cstackBANK0  0000
__HcstackCOMMON          cstackCOMMON 0000
__Heeprom_data           eeprom_data  0000
__Hend_init              end_init     0003
__Hfunctab               functab      0000
__Hidloc                 idloc        2004
__Hinit                  init         0000
__Hintentry              intentry     0000
__Hmaintext              maintext     0000
__Hpowerup               powerup      0000
__Hram                   ram          0000
__Hreset_vec             reset_vec    0000
__Hsfr0                  sfr0         0000
__Hsfr1                  sfr1         0000
__Hsfr2                  sfr2         0000
__Hsfr3                  sfr3         0000
__Hspace_0               (abs)        0800
__Hspace_1               (abs)        007E
__Hspace_2               (abs)        0000
__Hspace_3               (abs)        0000
__Hspace_4               (abs)        4010
__Hstack                 stack        0000
__Hstrings               strings      0000
__Htext                  text         0000
__Labs1                  abs1         0000
__Lbank0                 bank0        0000
__Lbank1                 bank1        0000
__Lbank2                 bank2        0000
__Lbank3                 bank3        0000
__LbssBANK0              bssBANK0     0000
__Lcinit                 cinit        07F0
__Lclrtext               clrtext      0000
__Lcode                  code         0000
__Lcommon                common       0000
__Lconfig                config       0000
__LcstackBANK0           cstackBANK0  0000
__LcstackCOMMON          cstackCOMMON 0000
__Leeprom_data           eeprom_data  0000
__Lend_init              end_init     0000
__Lfunctab               functab      0000
__Lidloc                 idloc        0000
__Linit                  init         0000
__Lintentry              intentry     0000
__Lmaintext              maintext     0000
__Lpowerup               powerup      0000
__Lram                   ram          0000
__Lreset_vec             reset_vec    0000
__Lsfr0                  sfr0         0000
__Lsfr1                  sfr1         0000
__Lsfr2                  sfr2         0000
__Lsfr3                  sfr3         0000
__Lspace_0               (abs)        0000
__Lspace_1               (abs)        0000
__Lspace_2               (abs)        0000
__Lspace_3               (abs)        0000
__Lspace_4               (abs)        0000
__Lstack                 stack        0000
__Lstrings               strings      0000
__Ltext                  text         0000
__S0                     (abs)        0800
__S1                     (abs)        007E
__S3                     (abs)        0000
___awdiv                 text3        070F
___awdiv@counter         cstackBANK0  002A
___awdiv@dividend        cstackCOMMON 0079
___awdiv@divisor         cstackCOMMON 0077
___awdiv@quotient        cstackBANK0  002C
___awdiv@sign            cstackBANK0  002B
___awmod                 text2        06B6
___awmod@counter         cstackCOMMON 0075
___awmod@dividend        cstackCOMMON 0072
___awmod@divisor         cstackCOMMON 0070
___awmod@sign            cstackCOMMON 0076
___int_sp                stack        0000
___latbits               (abs)        0002
___sp                    stack        0000
___stackhi               (abs)        0000
___stacklo               (abs)        0000
__end_of_UART_Init       text12       0589
__end_of_UART_Rx         text11       057C
__end_of___awdiv         text3        0778
__end_of___awmod         text2        070F
__end_of__initialization cinit        07FC
__end_of__stringtab      strings      0009
__end_of_door            text6        063D
__end_of_fuel_status     text5        0598
__end_of_lcd_cmd         text10       05B5
__end_of_lcd_data        text9        05D2
__end_of_lcd_init        text4        0613
__end_of_lcd_percentage  text1        07F0
__end_of_lcd_string      text8        05F1
__end_of_main            maintext     06B6
__end_of_show_open_door  text7        0677
__initialization         cinit        07F0
__pbssBANK0              bssBANK0     0020
__pcstackBANK0           cstackBANK0  002A
__pcstackCOMMON          cstackCOMMON 0070
__pmaintext              maintext     0677
__pstrings               strings      0003
__ptext1                 text1        0778
__ptext10                text10       0598
__ptext11                text11       0574
__ptext12                text12       057C
__ptext2                 text2        06B6
__ptext3                 text3        070F
__ptext4                 text4        05F1
__ptext5                 text5        0589
__ptext6                 text6        0613
__ptext7                 text7        063D
__ptext8                 text8        05D2
__ptext9                 text9        05B5
__stringbase             strings      0008
__stringtab              strings      0003
_a                       bssBANK0     0024
_b                       bssBANK0     0022
_c                       bssBANK0     0020
_door                    text6        0613
_doors                   bssBANK0     0029
_fuel                    bssBANK0     0028
_fuel_status             text5        0589
_lcd_cmd                 text10       0598
_lcd_data                text9        05B5
_lcd_init                text4        05F1
_lcd_percentage          text1        0778
_lcd_string              text8        05D2
_main                    maintext     0677
_p                       bssBANK0     0026
_show_open_door          text7        063D
btemp                    (abs)        007E
door@door_status         cstackCOMMON 0077
end_of_initialization    cinit        07FC
fuel_status@fuel         cstackCOMMON 0070
intlevel0                functab      0000
intlevel1                functab      0000
intlevel2                functab      0000
intlevel3                functab      0000
intlevel4                functab      0000
intlevel5                functab      0000
lcd_cmd@c                cstackCOMMON 0072
lcd_data@d               cstackCOMMON 0072
lcd_percentage@fuel      cstackBANK0  002E
lcd_string@s             cstackCOMMON 0074
reset_vec                reset_vec    0000
show_open_door@status    cstackCOMMON 0075
start                    init         0000
start_initialization     cinit        07F0
wtemp0                   (abs)        007E


MODULE INFORMATION

Module		Function		Class		Link	Load	Size
C:\Program Files\Microchip\xc8\v2.40\pic\sources\c90\common\awdiv.c
		___awdiv       		CODE           	070F	0000	105

C:\Program Files\Microchip\xc8\v2.40\pic\sources\c90\common\awdiv.c estimated size: 105

CAR_dashbord_rx.c
		_fuel_status   		CODE           	0589	0000	15
		_door          		CODE           	0613	0000	42
		_lcd_cmd       		CODE           	0598	0000	29
		_lcd_data      		CODE           	05B5	0000	29
		_UART_Rx       		CODE           	0574	0000	8
		_UART_Init     		CODE           	057C	0000	13
		_main          		CODE           	0677	0000	63
		_show_open_door		CODE           	063D	0000	58
		_lcd_percentage		CODE           	0778	0000	120
		_lcd_string    		CODE           	05D2	0000	31
		_lcd_init      		CODE           	05F1	0000	34

CAR_dashbord_rx.c estimated size: 442

shared
		__stringtab    		STRING         	0003	0000	6
		__initialization		CODE           	07F0	0000	12

shared estimated size: 18

C:\Program Files\Microchip\xc8\v2.40\pic\sources\c90\common\awmod.c
		___awmod       		CODE           	06B6	0000	89

C:\Program Files\Microchip\xc8\v2.40\pic\sources\c90\common\awmod.c estimated size: 89

