Microchip MPLAB XC8 Compiler V3.10

Linker command line:

-W-3 \
  --edf=C:\Program Files\Microchip\xc8\v3.10\pic\dat\20250813170317_en.msgs \
  -cn -h+dist/default/production\PROJECT1_WASHING_MECHINE.X.production.sym \
  --cmf=dist/default/production\PROJECT1_WASHING_MECHINE.X.production.cmf \
  -z -Q16F887 -oC:\Users\kissh\AppData\Local\Temp\xcAsnsg.0\driver_tmp_3.o \
  --defsym=__MPLAB_BUILD=1 --fixupoverflow=error \
  -Mdist/default/production/PROJECT1_WASHING_MECHINE.X.production.map \
  --md=C:\Users\kissh\AppData\Local\Temp\xcAsnsg.0\driver_tmp_0.dat -E1 \
  -ver=XC8 Compiler -ACODE=00h-07FFhx4 -ASTRCODE=00h-01FFFh \
  -ASTRING=00h-0FFhx32 -ACONST=00h-0FFhx32 -AENTRY=00h-0FFhx32 \
  -ACOMMON=070h-07Fh -ABANK0=020h-06Fh -ABANK1=0A0h-0EFh \
  -ABANK2=0110h-016Fh -ABANK3=0190h-01EFh \
  -ARAM=020h-06Fh,0A0h-0EFh,0110h-016Fh,0190h-01EFh \
  -AABS1=020h-07Fh,0A0h-0EFh,0110h-016Fh,0190h-01EFh -ASFR0=00h-01Fh \
  -ASFR1=080h-09Fh -ASFR2=0100h-010Fh -ASFR3=0180h-018Fh \
  -ACONFIG=02007h-02008h -DCONFIG=2 -AIDLOC=02000h-02003h -DIDLOC=2 \
  -AEEDATA=00h-0FFh/02100h -peeprom_data=EEDATA -DEEDATA=2 -DCODE=2 \
  -DSTRCODE=2 -DSTRING=2 -DCONST=2 -DENTRY=2 \
  -preset_vec=00h,intentry=04h,sivt,init,end_init -ppowerup=CODE \
  -pcinit=CODE -pfunctab=ENTRY -k \
  C:\Users\kissh\AppData\Local\Temp\xcAsnsg.0\driver_tmp_12.o \
  dist/default/production\PROJECT1_WASHING_MECHINE.X.production.o 

Object code version is 3.11

Machine type is 16F887



                Name                               Link     Load   Length Selector   Space Scale
C:\Users\kissh\AppData\Local\Temp\xcAsnsg.0\driver_tmp_12.o
                end_init                             12       12        3        8       0
                reset_vec                             0        0        3        0       0
                config                             2007     2007        2        0       4
                idloc                              2000     2000        4        0       5
dist/default/production\PROJECT1_WASHING_MECHINE.X.production.o
                cinit                                15       15       1E        8       0
                intentry                              4        4        E        8       0
                config                             2007     2007        2        0       4
                idloc                              2000     2000        4        0       5
                text11                              49B      49B       44        8       0
                text10                              342      342       63        8       0
                text9                               3FE      3FE       57        8       0
                text8                               51E      51E       35        8       0
                text7                               596      596       1E      B2C       0
                text6                                33       33      1A0        8       0
                text5                               455      455       46        8       0
                text4                               2DD      2DD       65        8       0
                text3                               3A5      3A5       59        8       0
                text2                               4DF      4DF       3F        8       0
                text1                               553      553       22        8       0
                maintext                            1D3      1D3      10A        8       0
                cstackBANK0                          20       20       10       20       1
                cstackCOMMON                         70       70        C       70       1
                bssBANK0                             30       30        E       20       1
                dataCOMMON                           7C       7C        2       70       1
                strings                             575      575       21      AEA       0
                idataCOMMON                         5B4      5B4        2      B2C       0

TOTAL           Name                               Link     Load   Length     Space
        CLASS   CODE           
                end_init                             12       12        3         0
                cinit                                15       15       1E         0
                intentry                              4        4        E         0
                reset_vec                             0        0        3         0
                text11                              49B      49B       44         0
                text10                              342      342       63         0
                text9                               3FE      3FE       57         0
                text8                               51E      51E       35         0
                text7                               596      596       1E         0
                text6                                33       33      1A0         0
                text5                               455      455       46         0
                text4                               2DD      2DD       65         0
                text3                               3A5      3A5       59         0
                text2                               4DF      4DF       3F         0
                text1                               553      553       22         0
                maintext                            1D3      1D3      10A         0
                idataCOMMON                         5B4      5B4        2         0

        CLASS   STRCODE        

        CLASS   STRING         
                strings                             575      575       21         0

        CLASS   CONST          

        CLASS   ENTRY          

        CLASS   COMMON         
                cstackCOMMON                         70       70        C         1
                dataCOMMON                           7C       7C        2         1

        CLASS   BANK0          
                cstackBANK0                          20       20       10         1
                bssBANK0                             30       30        E         1

        CLASS   BANK1          

        CLASS   BANK2          

        CLASS   BANK3          

        CLASS   RAM            

        CLASS   ABS1           
                abs_s1                               7E       7E        2         1

        CLASS   SFR0           

        CLASS   SFR1           

        CLASS   SFR2           

        CLASS   SFR3           

        CLASS   CONFIG         
                config                             2007     2007        2         4

        CLASS   IDLOC          
                idloc                              2000     2000        4         5

        CLASS   EEDATA         

        CLASS   HEAP           

        CLASS   STACK          



SEGMENTS        Name                           Load    Length   Top    Selector   Space  Class     Delta

                reset_vec                      000000  000003  000003         0       0  CODE        2
                intentry                       000004  000571  000575         8       0  CODE        2
                cstackBANK0                    000020  00001E  00003E        20       1  BANK0       1
                cstackCOMMON                   000070  00000E  00007E        70       1  COMMON      1
                strings                        000575  000021  000596       AEA       0  STRING      2
                text7                          000596  000020  0005B6       B2C       0  CODE        2


UNUSED ADDRESS RANGES

        Name                Unused          Largest block    Delta
        BANK0            003E-006F             32           1
        BANK1            00A0-00EF             50           1
        BANK2            0110-016F             60           1
        BANK3            0190-01EF             60           1
        CODE             0003-0003              1           2
                         05B6-1FFF            800
        CONST            0003-0003              1           2
                         05B6-1FFF            100
        EEDATA           2100-21FF            100           2
        ENTRY            0003-0003              1           2
                         05B6-1FFF            100
        RAM              003E-006F             32           1
                         00A0-00EF             50
                         0110-016F             60
                         0190-01EF             60
        SFR0             0000-001F             20           1
        SFR1             0080-009F             20           1
        SFR2             0100-010F             10           1
        SFR3             0180-018F             10           1
        STRCODE          0003-0003              1           2
                         05B6-1FFF           1A4A
        STRING           0003-0003              1           2
                         05B6-1FFF            100

                                  Symbol Table

?___awdiv                cstackBANK0  0024
?___awmod                cstackBANK0  0024
?i1___awdiv              cstackCOMMON 0070
?i1___awmod              cstackCOMMON 0070
Lcd@data                 cstackBANK0  002C
Lcd@rs                   cstackBANK0  002D
_ANSEL                   (abs)        0188
_ANSELH                  (abs)        0189
_GIE                     (abs)        005F
_Lcd                     text5        0455
_PEIE                    (abs)        005E
_PORTB                   (abs)        0006
_PORTC                   (abs)        0007
_PORTD                   (abs)        0008
_PORTE                   (abs)        0009
_PR2                     (abs)        0092
_RB0                     (abs)        0030
_RB1                     (abs)        0031
_RB2                     (abs)        0032
_RB3                     (abs)        0033
_RB4                     (abs)        0034
_RB5                     (abs)        0035
_RC0                     (abs)        0038
_RC1                     (abs)        0039
_RC2                     (abs)        003A
_RE0                     (abs)        0048
_RE1                     (abs)        0049
_T2CON                   (abs)        0012
_TMR2                    (abs)        0011
_TMR2IE                  (abs)        0461
_TMR2IF                  (abs)        0061
_TRISB                   (abs)        0086
_TRISC                   (abs)        0087
_TRISD                   (abs)        0088
_TRISE                   (abs)        0089
__H__absolute__          __absolute__ 0000
__Habs1                  abs1         0000
__Hbank0                 bank0        0000
__Hbank1                 bank1        0000
__Hbank2                 bank2        0000
__Hbank3                 bank3        0000
__HbssBANK0              bssBANK0     0000
__Hcinit                 cinit        0033
__Hclrtext               clrtext      0000
__Hcode                  code         0000
__Hcommon                common       0000
__Hconfig                config       2009
__HcstackBANK0           cstackBANK0  0000
__HcstackCOMMON          cstackCOMMON 0000
__HdataCOMMON            dataCOMMON   0000
__Heeprom_data           eeprom_data  0000
__Hend_init              end_init     0015
__Hfunctab               functab      0000
__Hheap                  heap         0000
__HidataCOMMON           idataCOMMON  0000
__Hidloc                 idloc        2004
__Hinit                  init         0012
__Hintentry              intentry     0012
__Hmaintext              maintext     0000
__Hpowerup               powerup      0000
__Hram                   ram          0000
__Hreset_vec             reset_vec    0003
__Hsfr0                  sfr0         0000
__Hsfr1                  sfr1         0000
__Hsfr2                  sfr2         0000
__Hsfr3                  sfr3         0000
__Hsivt                  sivt         0012
__Hspace_0               (abs)        05B6
__Hspace_1               (abs)        007E
__Hspace_2               (abs)        0000
__Hspace_3               (abs)        0000
__Hspace_4               (abs)        4010
__Hstack                 stack        0000
__Hstrings               strings      0000
__Htext                  text         0000
__L__absolute__          __absolute__ 0000
__Labs1                  abs1         0000
__Lbank0                 bank0        0000
__Lbank1                 bank1        0000
__Lbank2                 bank2        0000
__Lbank3                 bank3        0000
__LbssBANK0              bssBANK0     0000
__Lcinit                 cinit        0015
__Lclrtext               clrtext      0000
__Lcode                  code         0000
__Lcommon                common       0000
__Lconfig                config       0000
__LcstackBANK0           cstackBANK0  0000
__LcstackCOMMON          cstackCOMMON 0000
__LdataCOMMON            dataCOMMON   0000
__Leeprom_data           eeprom_data  0000
__Lend_init              end_init     0012
__Lfunctab               functab      0000
__Lheap                  heap         0000
__LidataCOMMON           idataCOMMON  0000
__Lidloc                 idloc        0000
__Linit                  init         0012
__Lintentry              intentry     0004
__Lmaintext              maintext     0000
__Lpowerup               powerup      0000
__Lram                   ram          0000
__Lreset_vec             reset_vec    0000
__Lsfr0                  sfr0         0000
__Lsfr1                  sfr1         0000
__Lsfr2                  sfr2         0000
__Lsfr3                  sfr3         0000
__Lsivt                  sivt         0012
__Lspace_0               (abs)        0000
__Lspace_1               (abs)        0000
__Lspace_2               (abs)        0000
__Lspace_3               (abs)        0000
__Lspace_4               (abs)        0000
__Lstack                 stack        0000
__Lstrings               strings      0000
__Ltext                  text         0000
__S0                     (abs)        05B6
__S1                     (abs)        007E
__S3                     (abs)        0000
___awdiv                 text4        02DD
___awdiv@counter         cstackBANK0  0028
___awdiv@dividend        cstackBANK0  0026
___awdiv@divisor         cstackBANK0  0024
___awdiv@quotient        cstackBANK0  002A
___awdiv@sign            cstackBANK0  0029
___awmod                 text3        03A5
___awmod@counter         cstackBANK0  0028
___awmod@dividend        cstackBANK0  0026
___awmod@divisor         cstackBANK0  0024
___awmod@sign            cstackBANK0  0029
___heap_hi               (abs)        0000
___heap_lo               (abs)        0000
___int_sp                stack        0000
___int_stack_hi          stack        0000
___int_stack_lo          stack        0000
___latbits               (abs)        0002
___sp                    stack        0000
___stack_hi              stack        0000
___stack_lo              stack        0000
___stackhi               (abs)        0000
___stacklo               (abs)        0000
__end_of_Lcd             text5        049B
__end_of___awdiv         text4        0342
__end_of___awmod         text3        03FE
__end_of__initialization cinit        002F
__end_of__stringtab      strings      057B
__end_of_display         text2        051E
__end_of_main            maintext     02DD
__end_of_string          text1        0575
__end_of_tmr             text6        01D3
__end_ofi1_Lcd           text11       04DF
__end_ofi1___awdiv       text10       03A5
__end_ofi1___awmod       text9        0455
__end_ofi1_display       text8        0553
__end_ofi1_string        text7        05B4
__initialization         cinit        0015
__pbssBANK0              bssBANK0     0030
__pcstackBANK0           cstackBANK0  0020
__pcstackCOMMON          cstackCOMMON 0070
__pdataCOMMON            dataCOMMON   007C
__pidataCOMMON           idataCOMMON  05B4
__pintentry              intentry     0004
__pmaintext              maintext     01D3
__pstrings               strings      0575
__ptext1                 text1        0553
__ptext10                text10       0342
__ptext11                text11       049B
__ptext2                 text2        04DF
__ptext3                 text3        03A5
__ptext4                 text4        02DD
__ptext5                 text5        0455
__ptext6                 text6        0033
__ptext7                 text7        0596
__ptext8                 text8        051E
__ptext9                 text9        03FE
__stringbase             strings      057A
__stringtab              strings      0575
_a                       bssBANK0     0032
_count                   bssBANK0     0038
_display                 text2        04DF
_led                     bssBANK0     0030
_main                    maintext     01D3
_sec                     dataCOMMON   007C
_string                  text1        0553
_t                       bssBANK0     003C
_time                    bssBANK0     0036
_tmr                     text6        0033
btemp                    (abs)        007E
btemp0                   (abs)        007E
btemp1                   (abs)        007F
display@sec              cstackBANK0  002E
end_of_initialization    cinit        002F
i1Lcd@data               cstackCOMMON 0078
i1Lcd@rs                 cstackCOMMON 0079
i1_Lcd                   text11       049B
i1___awdiv               text10       0342
i1___awdiv@counter       cstackCOMMON 0074
i1___awdiv@dividend      cstackCOMMON 0072
i1___awdiv@divisor       cstackCOMMON 0070
i1___awdiv@quotient      cstackCOMMON 0076
i1___awdiv@sign          cstackCOMMON 0075
i1___awmod               text9        03FE
i1___awmod@counter       cstackCOMMON 0074
i1___awmod@dividend      cstackCOMMON 0072
i1___awmod@divisor       cstackCOMMON 0070
i1___awmod@sign          cstackCOMMON 0075
i1_display               text8        051E
i1_string                text7        0596
i1display@sec            cstackCOMMON 007A
i1string@stop            cstackCOMMON 007A
interrupt_function       intentry     0004
intlevel0                functab      0000
intlevel1                functab      0000
intlevel2                functab      0000
intlevel3                functab      0000
intlevel4                functab      0000
intlevel5                functab      0000
ltemp0a                  (abs)        0080
reset_vec                reset_vec    0000
saved_w                  (abs)        007E
start                    init         0012
start_initialization     cinit        0015
string@stop              cstackBANK0  002E
ttemp0a                  (abs)        007F
wtemp0                   (abs)        007E
wtemp0a                  (abs)        007F


MODULE INFORMATION

Module		Function		Class		Link	Load	Size
C:\Program Files\Microchip\xc8\v3.10\pic\sources\c99\common\awmod.c
		___awmod       		CODE           	03A5	0000	89

C:\Program Files\Microchip\xc8\v3.10\pic\sources\c99\common\awmod.c estimated size: 89

C:\Program Files\Microchip\xc8\v3.10\pic\sources\c99\common\awdiv.c
		___awdiv       		CODE           	02DD	0000	101

C:\Program Files\Microchip\xc8\v3.10\pic\sources\c99\common\awdiv.c estimated size: 101

shared
		i1_string      		CODE           	0596	0000	30
		__stringtab    		STRING         	0575	0000	6
		i1___awdiv     		CODE           	0342	0000	99
		__initialization		CODE           	0015	0000	26
		i1___awmod     		CODE           	03FE	0000	87
		i1_display     		CODE           	051E	0000	53
		i1_Lcd         		CODE           	049B	0000	68

shared estimated size: 369

PROJECT1_WASHING_MECHINE.c
		_string        		CODE           	0553	0000	34
		_display       		CODE           	04DF	0000	63
		_main          		CODE           	01D3	0000	266
		_Lcd           		CODE           	0455	0000	70
		_tmr           		CODE           	0033	0000	416

PROJECT1_WASHING_MECHINE.c estimated size: 849

